{"timestamp":"2026-01-28T12:07:56.866277+00:00","level":"INFO","actor":"local-user","action":"","target_type":"","target_id":"","summary":"","detail":{"version":"","change_note":""}}
{"timestamp":"2026-01-28T12:07:56.869297+00:00","level":"INFO","actor":"local-user","action":"プロジェクト一覧取得","target_type":"/get /v2/projects","target_id":"","summary":"プロジェクト一覧を取得しました。","detail":{"version":"なし","change_note":"なし"}}
{"timestamp":"2026-01-28T12:08:08.017883+00:00","level":"INFO","actor":"local-user","action":"/post /v2/projects","target_type":"プロジェクト作成","target_id":"","summary":"プロジェクトを作成しました。","detail":{"version":"なし","change_note":"なし"}}
{"timestamp":"2026-01-28T12:08:08.031466+00:00","level":"INFO","actor":"local-user","action":"プロジェクト一覧取得","target_type":"/get /v2/projects","target_id":"","summary":"プロジェクト一覧を取得しました。","detail":{"version":"なし","change_note":"なし"}}
{"timestamp":"2026-01-28T12:08:08.044486+00:00","level":"INFO","actor":"local-user","action":"","target_type":"","target_id":"","summary":"","detail":{"version":"","change_note":""}}
{"timestamp":"2026-01-28T12:08:10.985530+00:00","level":"INFO","actor":"local-user","action":"/get /v2/projects/{project_id}","target_type":"プロジェクト取得","target_id":"","summary":"プロジェクト1を取得しました。","detail":{"version":"なし","change_note":"なし"}}
{"timestamp":"2026-01-28T12:08:11.000949+00:00","level":"INFO","actor":"local-user","action":"/get /v2/projects/{project_id}/tasks/list","target_type":"プロジェクトタスク一覧取得","target_id":"","summary":"プロジェクトタスク一覧を取得しました。","detail":{"version":"なし","change_note":"なし"}}
{"timestamp":"2026-01-28T12:08:11.004452+00:00","level":"INFO","actor":"local-user","action":"/get /v2/projects/{project_id}","target_type":"プロジェクト取得","target_id":"","summary":"プロジェクト1を取得しました。","detail":{"version":"なし","change_note":"なし"}}
{"timestamp":"2026-01-28T12:08:11.014149+00:00","level":"INFO","actor":"local-user","action":"/get /v2/projects/{project_id}/tasks/list","target_type":"プロジェクトタスク一覧取得","target_id":"","summary":"プロジェクトタスク一覧を取得しました。","detail":{"version":"なし","change_note":"なし"}}
{"timestamp":"2026-01-28T12:09:21.042431+00:00","level":"INFO","actor":"local-user","action":"/patch /v2/projects/{project_id}/tasks/{project_task_id}","target_type":"プロジェクトタスクステータス変更","target_id":"1","summary":"プロジェクトタスクのステータスを変更しました。","detail":{"version":"なし","change_note":"進行中 -> 進行中"}}
{"timestamp":"2026-01-28T12:09:21.077042+00:00","level":"INFO","actor":"local-user","action":"/get /v2/projects/{project_id}","target_type":"プロジェクト取得","target_id":"","summary":"プロジェクト1を取得しました。","detail":{"version":"なし","change_note":"なし"}}
{"timestamp":"2026-01-28T12:09:21.079587+00:00","level":"INFO","actor":"local-user","action":"/get /v2/projects/{project_id}/tasks/list","target_type":"プロジェクトタスク一覧取得","target_id":"","summary":"プロジェクトタスク一覧を取得しました。","detail":{"version":"なし","change_note":"なし"}}
{"timestamp":"2026-01-28T12:09:21.099985+00:00","level":"INFO","actor":"local-user","action":"","target_type":"","target_id":"","summary":"","detail":{"version":"","change_note":""}}
{"timestamp":"2026-01-28T12:12:43.890273+00:00","level":"INFO","actor":"local-user","action":"プロジェクト一覧取得","target_type":"/get /v2/projects","target_id":"","summary":"プロジェクト一覧を取得しました。","detail":{"version":"なし","change_note":"なし"}}
{"timestamp":"2026-01-28T12:12:43.893137+00:00","level":"INFO","actor":"local-user","action":"","target_type":"","target_id":"","summary":"","detail":{"version":"","change_note":""}}
{"timestamp":"2026-01-28T12:18:39.208017+00:00","level":"INFO","actor":"local-user","action":"","target_type":"","target_id":"","summary":"","detail":{"version":"","change_note":""}}
{"timestamp":"2026-01-28T12:18:39.212077+00:00","level":"INFO","actor":"local-user","action":"/get /v2/projects/{project_id}","target_type":"プロジェクト取得","target_id":"","summary":"プロジェクト1を取得しました。","detail":{"version":"なし","change_note":"なし"}}
{"timestamp":"2026-01-28T12:18:39.213036+00:00","level":"INFO","actor":"local-user","action":"/get /v2/projects/{project_id}/tasks/list","target_type":"プロジェクトタスク一覧取得","target_id":"","summary":"プロジェクトタスク一覧を取得しました。","detail":{"version":"なし","change_note":"なし"}}
{"timestamp":"2026-01-28T12:26:10.265288+00:00","level":"INFO","actor":"local-user","action":"/get /v2/projects/{project_id}","target_type":"プロジェクト取得","target_id":"","summary":"プロジェクト1を取得しました。","detail":{"version":"なし","change_note":"なし"}}
{"timestamp":"2026-01-28T12:26:10.281056+00:00","level":"INFO","actor":"local-user","action":"/get /v2/projects/{project_id}/tasks/list","target_type":"プロジェクトタスク一覧取得","target_id":"","summary":"プロジェクトタスク一覧を取得しました。","detail":{"version":"なし","change_note":"なし"}}
{"timestamp":"2026-01-28T12:26:10.282989+00:00","level":"INFO","actor":"local-user","action":"","target_type":"","target_id":"","summary":"","detail":{"version":"","change_note":""}}
{"timestamp":"2026-01-28T12:27:25.945652+00:00","level":"INFO","actor":"local-user","action":"","target_type":"","target_id":"","summary":"","detail":{"version":"","change_note":""}}
{"timestamp":"2026-01-28T12:27:25.946381+00:00","level":"INFO","actor":"local-user","action":"","target_type":"","target_id":"","summary":"","detail":{"version":"","change_note":""}}
{"timestamp":"2026-01-28T12:27:30.840568+00:00","level":"INFO","actor":"local-user","action":"","target_type":"","target_id":"","summary":"","detail":{"version":"","change_note":""}}
{"timestamp":"2026-01-28T12:27:30.843236+00:00","level":"INFO","actor":"local-user","action":"","target_type":"","target_id":"","summary":"","detail":{"version":"","change_note":""}}
{"timestamp":"2026-01-28T12:27:33.872387+00:00","level":"INFO","actor":"local-user","action":"プロジェクト一覧取得","target_type":"/get /v2/projects","target_id":"","summary":"プロジェクト一覧を取得しました。","detail":{"version":"なし","change_note":"なし"}}
{"timestamp":"2026-01-28T12:27:33.876383+00:00","level":"INFO","actor":"local-user","action":"プロジェクト一覧取得","target_type":"/get /v2/projects","target_id":"","summary":"プロジェクト一覧を取得しました。","detail":{"version":"なし","change_note":"なし"}}
{"timestamp":"2026-01-28T12:36:32.839906+00:00","level":"INFO","actor":"local-user","action":"","target_type":"","target_id":"","summary":"","detail":{"version":"","change_note":""}}
{"timestamp":"2026-01-28T12:39:24.563525+00:00","level":"INFO","actor":"local-user","action":"","target_type":"","target_id":"","summary":"","detail":{"version":"","change_note":""}}
{"timestamp":"2026-01-28T12:42:59.068927+00:00","level":"INFO","actor":"local-user","action":"","target_type":"","target_id":"","summary":"","detail":{"version":"","change_note":""}}
{"timestamp":"2026-01-28T12:43:06.188359+00:00","level":"INFO","actor":"local-user","action":"","target_type":"","target_id":"","summary":"","detail":{"version":"","change_note":""}}
{"timestamp":"2026-01-28T12:43:06.197886+00:00","level":"INFO","actor":"local-user","action":"","target_type":"","target_id":"","summary":"","detail":{"version":"","change_note":""}}
{"timestamp":"2026-01-28T12:43:08.064703+00:00","level":"INFO","actor":"local-user","action":"プロジェクト一覧取得","target_type":"/get /v2/projects","target_id":"","summary":"プロジェクト一覧を取得しました。","detail":{"version":"なし","change_note":"なし"}}
{"timestamp":"2026-01-28T12:43:08.065204+00:00","level":"INFO","actor":"local-user","action":"プロジェクト一覧取得","target_type":"/get /v2/projects","target_id":"","summary":"プロジェクト一覧を取得しました。","detail":{"version":"なし","change_note":"なし"}}
{"timestamp":"2026-01-28T12:43:15.890991+00:00","level":"INFO","actor":"local-user","action":"/post /v2/projects","target_type":"プロジェクト作成","target_id":"","summary":"プロジェクトを作成しました。","detail":{"version":"なし","change_note":"なし"}}
{"timestamp":"2026-01-28T12:43:15.902932+00:00","level":"INFO","actor":"local-user","action":"プロジェクト一覧取得","target_type":"/get /v2/projects","target_id":"","summary":"プロジェクト一覧を取得しました。","detail":{"version":"なし","change_note":"なし"}}
{"timestamp":"2026-01-28T12:43:15.915072+00:00","level":"INFO","actor":"local-user","action":"","target_type":"","target_id":"","summary":"","detail":{"version":"","change_note":""}}
{"timestamp":"2026-01-28T12:43:17.948659+00:00","level":"INFO","actor":"local-user","action":"/get /v2/projects/{project_id}","target_type":"プロジェクト取得","target_id":"","summary":"プロジェクト1を取得しました。","detail":{"version":"なし","change_note":"なし"}}
{"timestamp":"2026-01-28T12:43:17.962496+00:00","level":"INFO","actor":"local-user","action":"/get /v2/projects/{project_id}/tasks/list","target_type":"プロジェクトタスク一覧取得","target_id":"","summary":"プロジェクトタスク一覧を取得しました。","detail":{"version":"なし","change_note":"なし"}}
{"timestamp":"2026-01-28T12:43:17.963852+00:00","level":"INFO","actor":"local-user","action":"/get /v2/projects/{project_id}","target_type":"プロジェクト取得","target_id":"","summary":"プロジェクト1を取得しました。","detail":{"version":"なし","change_note":"なし"}}
{"timestamp":"2026-01-28T12:43:17.967618+00:00","level":"INFO","actor":"local-user","action":"/get /v2/projects/{project_id}/tasks/list","target_type":"プロジェクトタスク一覧取得","target_id":"","summary":"プロジェクトタスク一覧を取得しました。","detail":{"version":"なし","change_note":"なし"}}
{"timestamp":"2026-01-28T12:55:15.179395+00:00","level":"INFO","actor":"local-user","action":"","target_type":"","target_id":"","summary":"","detail":{"version":"","change_note":""}}
{"timestamp":"2026-01-28T12:55:15.185988+00:00","level":"INFO","actor":"local-user","action":"","target_type":"","target_id":"","summary":"","detail":{"version":"","change_note":""}}
{"timestamp":"2026-01-28T12:55:21.577539+00:00","level":"INFO","actor":"local-user","action":"プロジェクト一覧取得","target_type":"/get /v2/projects","target_id":"","summary":"プロジェクト一覧を取得しました。","detail":{"version":"なし","change_note":"なし"}}
{"timestamp":"2026-01-28T12:55:21.577995+00:00","level":"INFO","actor":"local-user","action":"プロジェクト一覧取得","target_type":"/get /v2/projects","target_id":"","summary":"プロジェクト一覧を取得しました。","detail":{"version":"なし","change_note":"なし"}}
{"timestamp":"2026-01-28T12:55:29.672369+00:00","level":"INFO","actor":"local-user","action":"/post /v2/projects","target_type":"プロジェクト作成","target_id":"","summary":"プロジェクトを作成しました。","detail":{"version":"なし","change_note":"なし"}}
{"timestamp":"2026-01-28T12:55:29.684280+00:00","level":"INFO","actor":"local-user","action":"プロジェクト一覧取得","target_type":"/get /v2/projects","target_id":"","summary":"プロジェクト一覧を取得しました。","detail":{"version":"なし","change_note":"なし"}}
{"timestamp":"2026-01-28T12:55:29.695080+00:00","level":"INFO","actor":"local-user","action":"","target_type":"","target_id":"","summary":"","detail":{"version":"","change_note":""}}
{"timestamp":"2026-01-28T12:55:32.501333+00:00","level":"INFO","actor":"local-user","action":"/get /v2/projects/{project_id}","target_type":"プロジェクト取得","target_id":"","summary":"プロジェクト1を取得しました。","detail":{"version":"なし","change_note":"なし"}}
{"timestamp":"2026-01-28T12:55:32.507409+00:00","level":"INFO","actor":"local-user","action":"/get /v2/projects/{project_id}/tasks/list","target_type":"プロジェクトタスク一覧取得","target_id":"","summary":"プロジェクトタスク一覧を取得しました。","detail":{"version":"なし","change_note":"なし"}}
{"timestamp":"2026-01-28T12:55:32.514414+00:00","level":"INFO","actor":"local-user","action":"/get /v2/projects/{project_id}","target_type":"プロジェクト取得","target_id":"","summary":"プロジェクト1を取得しました。","detail":{"version":"なし","change_note":"なし"}}
{"timestamp":"2026-01-28T12:55:32.521810+00:00","level":"INFO","actor":"local-user","action":"/get /v2/projects/{project_id}/tasks/list","target_type":"プロジェクトタスク一覧取得","target_id":"","summary":"プロジェクトタスク一覧を取得しました。","detail":{"version":"なし","change_note":"なし"}}
{"timestamp":"2026-01-28T12:55:35.244027+00:00","level":"INFO","actor":"local-user","action":"/patch /v2/projects/{project_id}/tasks/{project_task_id}","target_type":"プロジェクトタスクステータス変更","target_id":"1","summary":"プロジェクトタスクのステータスを変更しました。","detail":{"version":"なし","change_note":"進行中 -> 進行中"}}
{"timestamp":"2026-01-28T12:55:35.263041+00:00","level":"INFO","actor":"local-user","action":"/get /v2/projects/{project_id}","target_type":"プロジェクト取得","target_id":"","summary":"プロジェクト1を取得しました。","detail":{"version":"なし","change_note":"なし"}}
{"timestamp":"2026-01-28T12:55:35.264731+00:00","level":"INFO","actor":"local-user","action":"/get /v2/projects/{project_id}/tasks/list","target_type":"プロジェクトタスク一覧取得","target_id":"","summary":"プロジェクトタスク一覧を取得しました。","detail":{"version":"なし","change_note":"なし"}}
{"timestamp":"2026-01-28T12:55:35.280939+00:00","level":"INFO","actor":"local-user","action":"","target_type":"","target_id":"","summary":"","detail":{"version":"","change_note":""}}
{"timestamp":"2026-01-28T12:55:36.210832+00:00","level":"INFO","actor":"local-user","action":"プロジェクト一覧取得","target_type":"/get /v2/projects","target_id":"","summary":"プロジェクト一覧を取得しました。","detail":{"version":"なし","change_note":"なし"}}
{"timestamp":"2026-01-28T12:55:36.211296+00:00","level":"INFO","actor":"local-user","action":"プロジェクト一覧取得","target_type":"/get /v2/projects","target_id":"","summary":"プロジェクト一覧を取得しました。","detail":{"version":"なし","change_note":"なし"}}
{"timestamp":"2026-01-28T13:00:04.862995+00:00","level":"INFO","actor":"local-user","action":"","target_type":"","target_id":"","summary":"","detail":{"version":"","change_note":""}}
{"timestamp":"2026-01-28T13:01:30.244711+00:00","level":"INFO","actor":"local-user","action":"","target_type":"","target_id":"","summary":"","detail":{"version":"","change_note":""}}
{"timestamp":"2026-01-28T13:02:35.462112+00:00","level":"INFO","actor":"local-user","action":"","target_type":"","target_id":"","summary":"","detail":{"version":"","change_note":""}}
{"timestamp":"2026-01-28T13:02:41.756181+00:00","level":"INFO","actor":"local-user","action":"","target_type":"","target_id":"","summary":"","detail":{"version":"","change_note":""}}
{"timestamp":"2026-01-28T13:03:14.414562+00:00","level":"INFO","actor":"local-user","action":"","target_type":"","target_id":"","summary":"","detail":{"version":"","change_note":""}}
{"timestamp":"2026-01-28T13:11:59.607754+00:00","level":"INFO","actor":"local-user","action":"","target_type":"","target_id":"","summary":"","detail":{"version":"","change_note":""}}
{"timestamp":"2026-01-28T13:12:53.250437+00:00","level":"INFO","actor":"local-user","action":"プロジェクト一覧取得","target_type":"/get /v2/projects","target_id":"","summary":"プロジェクト一覧を取得しました。","detail":{"version":"なし","change_note":"なし"}}
{"timestamp":"2026-01-28T13:12:53.261850+00:00","level":"INFO","actor":"local-user","action":"プロジェクト一覧取得","target_type":"/get /v2/projects","target_id":"","summary":"プロジェクト一覧を取得しました。","detail":{"version":"なし","change_note":"なし"}}
{"timestamp":"2026-01-28T13:12:57.213039+00:00","level":"INFO","actor":"local-user","action":"/get /v2/projects/{project_id}","target_type":"プロジェクト取得","target_id":"","summary":"プロジェクト1を取得しました。","detail":{"version":"なし","change_note":"なし"}}
{"timestamp":"2026-01-28T13:12:57.220467+00:00","level":"INFO","actor":"local-user","action":"/get /v2/projects/{project_id}/tasks/list","target_type":"プロジェクトタスク一覧取得","target_id":"","summary":"プロジェクトタスク一覧を取得しました。","detail":{"version":"なし","change_note":"なし"}}
{"timestamp":"2026-01-28T13:12:57.235691+00:00","level":"INFO","actor":"local-user","action":"/get /v2/projects/{project_id}","target_type":"プロジェクト取得","target_id":"","summary":"プロジェクト1を取得しました。","detail":{"version":"なし","change_note":"なし"}}
{"timestamp":"2026-01-28T13:12:57.240035+00:00","level":"INFO","actor":"local-user","action":"/get /v2/projects/{project_id}/tasks/list","target_type":"プロジェクトタスク一覧取得","target_id":"","summary":"プロジェクトタスク一覧を取得しました。","detail":{"version":"なし","change_note":"なし"}}
{"timestamp":"2026-01-28T13:12:58.029153+00:00","level":"INFO","actor":"local-user","action":"","target_type":"","target_id":"","summary":"","detail":{"version":"","change_note":""}}
{"timestamp":"2026-01-28T13:12:58.029517+00:00","level":"INFO","actor":"local-user","action":"/get /v2/projects/{project_id}/tasks/{project_task_id}/checklist","target_type":"プロジェクトタスクチェックリスト取得","target_id":"1","summary":"プロジェクトタスクのチェックリストを取得しました。","detail":{"version":"なし","change_note":"なし"}}
{"timestamp":"2026-01-28T13:12:59.137738+00:00","level":"INFO","actor":"local-user","action":"","target_type":"","target_id":"","summary":"","detail":{"version":"","change_note":""}}
{"timestamp":"2026-01-28T13:13:01.993444+00:00","level":"INFO","actor":"local-user","action":"","target_type":"","target_id":"","summary":"","detail":{"version":"","change_note":""}}
{"timestamp":"2026-01-28T13:13:02.007312+00:00","level":"INFO","actor":"local-user","action":"/get /v2/projects/{project_id}","target_type":"プロジェクト取得","target_id":"","summary":"プロジェクト1を取得しました。","detail":{"version":"なし","change_note":"なし"}}
{"timestamp":"2026-01-28T13:13:02.009252+00:00","level":"INFO","actor":"local-user","action":"/get /v2/projects/{project_id}/tasks/list","target_type":"プロジェクトタスク一覧取得","target_id":"","summary":"プロジェクトタスク一覧を取得しました。","detail":{"version":"なし","change_note":"なし"}}
{"timestamp":"2026-01-28T13:13:06.287221+00:00","level":"INFO","actor":"local-user","action":"","target_type":"","target_id":"","summary":"","detail":{"version":"","change_note":""}}
{"timestamp":"2026-01-28T13:13:06.290747+00:00","level":"INFO","actor":"local-user","action":"/get /v2/projects/{project_id}/tasks/{project_task_id}/checklist","target_type":"プロジェクトタスクチェックリスト取得","target_id":"1","summary":"プロジェクトタスクのチェックリストを取得しました。","detail":{"version":"なし","change_note":"なし"}}
{"timestamp":"2026-01-28T13:13:07.393507+00:00","level":"INFO","actor":"local-user","action":"","target_type":"","target_id":"","summary":"","detail":{"version":"","change_note":""}}
{"timestamp":"2026-01-28T13:13:09.466625+00:00","level":"INFO","actor":"local-user","action":"プロジェクト一覧取得","target_type":"/get /v2/projects","target_id":"","summary":"プロジェクト一覧を取得しました。","detail":{"version":"なし","change_note":"なし"}}
{"timestamp":"2026-01-28T13:13:09.467023+00:00","level":"INFO","actor":"local-user","action":"プロジェクト一覧取得","target_type":"/get /v2/projects","target_id":"","summary":"プロジェクト一覧を取得しました。","detail":{"version":"なし","change_note":"なし"}}
{"timestamp":"2026-01-28T13:13:36.511497+00:00","level":"INFO","actor":"local-user","action":"プロジェクト一覧取得","target_type":"/get /v2/projects","target_id":"","summary":"プロジェクト一覧を取得しました。","detail":{"version":"なし","change_note":"なし"}}
{"timestamp":"2026-01-28T13:13:36.513696+00:00","level":"INFO","actor":"local-user","action":"プロジェクト一覧取得","target_type":"/get /v2/projects","target_id":"","summary":"プロジェクト一覧を取得しました。","detail":{"version":"なし","change_note":"なし"}}
{"timestamp":"2026-01-28T13:13:37.673225+00:00","level":"INFO","actor":"local-user","action":"/get /v2/projects/{project_id}","target_type":"プロジェクト取得","target_id":"","summary":"プロジェクト1を取得しました。","detail":{"version":"なし","change_note":"なし"}}
{"timestamp":"2026-01-28T13:13:37.674814+00:00","level":"INFO","actor":"local-user","action":"/get /v2/projects/{project_id}/tasks/list","target_type":"プロジェクトタスク一覧取得","target_id":"","summary":"プロジェクトタスク一覧を取得しました。","detail":{"version":"なし","change_note":"なし"}}
{"timestamp":"2026-01-28T13:13:37.683825+00:00","level":"INFO","actor":"local-user","action":"/get /v2/projects/{project_id}","target_type":"プロジェクト取得","target_id":"","summary":"プロジェクト1を取得しました。","detail":{"version":"なし","change_note":"なし"}}
{"timestamp":"2026-01-28T13:13:37.684613+00:00","level":"INFO","actor":"local-user","action":"/get /v2/projects/{project_id}/tasks/list","target_type":"プロジェクトタスク一覧取得","target_id":"","summary":"プロジェクトタスク一覧を取得しました。","detail":{"version":"なし","change_note":"なし"}}
{"timestamp":"2026-01-28T13:13:38.947093+00:00","level":"INFO","actor":"local-user","action":"","target_type":"","target_id":"","summary":"","detail":{"version":"","change_note":""}}
{"timestamp":"2026-01-28T13:13:38.949327+00:00","level":"INFO","actor":"local-user","action":"/get /v2/projects/{project_id}/tasks/{project_task_id}/checklist","target_type":"プロジェクトタスクチェックリスト取得","target_id":"1","summary":"プロジェクトタスクのチェックリストを取得しました。","detail":{"version":"なし","change_note":"なし"}}
{"timestamp":"2026-01-28T13:13:40.483157+00:00","level":"INFO","actor":"local-user","action":"","target_type":"","target_id":"","summary":"","detail":{"version":"","change_note":""}}
{"timestamp":"2026-01-28T13:13:40.496178+00:00","level":"INFO","actor":"local-user","action":"/get /v2/projects/{project_id}","target_type":"プロジェクト取得","target_id":"","summary":"プロジェクト1を取得しました。","detail":{"version":"なし","change_note":"なし"}}
{"timestamp":"2026-01-28T13:13:40.496717+00:00","level":"INFO","actor":"local-user","action":"/get /v2/projects/{project_id}/tasks/list","target_type":"プロジェクトタスク一覧取得","target_id":"","summary":"プロジェクトタスク一覧を取得しました。","detail":{"version":"なし","change_note":"なし"}}
{"timestamp":"2026-01-28T13:13:42.088879+00:00","level":"INFO","actor":"local-user","action":"/patch /v2/projects/{project_id}/tasks/{project_task_id}","target_type":"プロジェクトタスクステータス変更","target_id":"1","summary":"プロジェクトタスクのステータスを変更しました。","detail":{"version":"なし","change_note":"完了 -> 完了"}}
{"timestamp":"2026-01-28T13:13:42.110502+00:00","level":"INFO","actor":"local-user","action":"/get /v2/projects/{project_id}","target_type":"プロジェクト取得","target_id":"","summary":"プロジェクト1を取得しました。","detail":{"version":"なし","change_note":"なし"}}
{"timestamp":"2026-01-28T13:13:42.110912+00:00","level":"INFO","actor":"local-user","action":"/get /v2/projects/{project_id}/tasks/list","target_type":"プロジェクトタスク一覧取得","target_id":"","summary":"プロジェクトタスク一覧を取得しました。","detail":{"version":"なし","change_note":"なし"}}
{"timestamp":"2026-01-28T13:14:31.345204+00:00","level":"INFO","actor":"local-user","action":"","target_type":"","target_id":"","summary":"","detail":{"version":"","change_note":""}}
{"timestamp":"2026-01-28T13:14:31.345779+00:00","level":"INFO","actor":"local-user","action":"","target_type":"","target_id":"","summary":"","detail":{"version":"","change_note":""}}
{"timestamp":"2026-01-28T13:14:32.992324+00:00","level":"INFO","actor":"local-user","action":"プロジェクト一覧取得","target_type":"/get /v2/projects","target_id":"","summary":"プロジェクト一覧を取得しました。","detail":{"version":"なし","change_note":"なし"}}
{"timestamp":"2026-01-28T13:14:32.992744+00:00","level":"INFO","actor":"local-user","action":"プロジェクト一覧取得","target_type":"/get /v2/projects","target_id":"","summary":"プロジェクト一覧を取得しました。","detail":{"version":"なし","change_note":"なし"}}
{"timestamp":"2026-01-28T13:14:34.196297+00:00","level":"INFO","actor":"local-user","action":"/get /v2/projects/{project_id}/tasks/list","target_type":"プロジェクトタスク一覧取得","target_id":"","summary":"プロジェクトタスク一覧を取得しました。","detail":{"version":"なし","change_note":"なし"}}
{"timestamp":"2026-01-28T13:14:34.199245+00:00","level":"INFO","actor":"local-user","action":"/get /v2/projects/{project_id}","target_type":"プロジェクト取得","target_id":"","summary":"プロジェクト1を取得しました。","detail":{"version":"なし","change_note":"なし"}}
{"timestamp":"2026-01-28T13:14:34.203356+00:00","level":"INFO","actor":"local-user","action":"/get /v2/projects/{project_id}","target_type":"プロジェクト取得","target_id":"","summary":"プロジェクト1を取得しました。","detail":{"version":"なし","change_note":"なし"}}
{"timestamp":"2026-01-28T13:14:34.206164+00:00","level":"INFO","actor":"local-user","action":"/get /v2/projects/{project_id}/tasks/list","target_type":"プロジェクトタスク一覧取得","target_id":"","summary":"プロジェクトタスク一覧を取得しました。","detail":{"version":"なし","change_note":"なし"}}
{"timestamp":"2026-01-28T13:14:38.511596+00:00","level":"INFO","actor":"local-user","action":"","target_type":"","target_id":"","summary":"","detail":{"version":"","change_note":""}}
{"timestamp":"2026-01-28T13:14:38.512092+00:00","level":"INFO","actor":"local-user","action":"/get /v2/projects/{project_id}/tasks/{project_task_id}/checklist","target_type":"プロジェクトタスクチェックリスト取得","target_id":"1","summary":"プロジェクトタスクのチェックリストを取得しました。","detail":{"version":"なし","change_note":"なし"}}
{"timestamp":"2026-01-28T13:14:41.210397+00:00","level":"INFO","actor":"local-user","action":"","target_type":"","target_id":"","summary":"","detail":{"version":"","change_note":""}}
{"timestamp":"2026-01-28T13:14:41.210739+00:00","level":"INFO","actor":"local-user","action":"/get /v2/projects/{project_id}/tasks/{project_task_id}/checklist","target_type":"プロジェクトタスクチェックリスト取得","target_id":"1","summary":"プロジェクトタスクのチェックリストを取得しました。","detail":{"version":"なし","change_note":"なし"}}
{"timestamp":"2026-01-28T13:14:43.697956+00:00","level":"INFO","actor":"local-user","action":"","target_type":"","target_id":"","summary":"","detail":{"version":"","change_note":""}}
{"timestamp":"2026-01-28T13:14:43.698461+00:00","level":"INFO","actor":"local-user","action":"","target_type":"","target_id":"","summary":"","detail":{"version":"","change_note":""}}
{"timestamp":"2026-01-28T13:14:49.665467+00:00","level":"INFO","actor":"local-user","action":"プロジェクト一覧取得","target_type":"/get /v2/projects","target_id":"","summary":"プロジェクト一覧を取得しました。","detail":{"version":"なし","change_note":"なし"}}
{"timestamp":"2026-01-28T13:14:49.665969+00:00","level":"INFO","actor":"local-user","action":"プロジェクト一覧取得","target_type":"/get /v2/projects","target_id":"","summary":"プロジェクト一覧を取得しました。","detail":{"version":"なし","change_note":"なし"}}
{"timestamp":"2026-01-28T13:16:00.145278+00:00","level":"INFO","actor":"local-user","action":"プロジェクト一覧取得","target_type":"/get /v2/projects","target_id":"","summary":"プロジェクト一覧を取得しました。","detail":{"version":"なし","change_note":"なし"}}
{"timestamp":"2026-01-28T13:16:00.146739+00:00","level":"INFO","actor":"local-user","action":"プロジェクト一覧取得","target_type":"/get /v2/projects","target_id":"","summary":"プロジェクト一覧を取得しました。","detail":{"version":"なし","change_note":"なし"}}
{"timestamp":"2026-01-28T13:16:01.304986+00:00","level":"INFO","actor":"local-user","action":"/get /v2/projects/{project_id}/tasks/list","target_type":"プロジェクトタスク一覧取得","target_id":"","summary":"プロジェクトタスク一覧を取得しました。","detail":{"version":"なし","change_note":"なし"}}
{"timestamp":"2026-01-28T13:16:01.305989+00:00","level":"INFO","actor":"local-user","action":"/get /v2/projects/{project_id}","target_type":"プロジェクト取得","target_id":"","summary":"プロジェクト1を取得しました。","detail":{"version":"なし","change_note":"なし"}}
{"timestamp":"2026-01-28T13:16:01.312165+00:00","level":"INFO","actor":"local-user","action":"/get /v2/projects/{project_id}","target_type":"プロジェクト取得","target_id":"","summary":"プロジェクト1を取得しました。","detail":{"version":"なし","change_note":"なし"}}
{"timestamp":"2026-01-28T13:16:01.314445+00:00","level":"INFO","actor":"local-user","action":"/get /v2/projects/{project_id}/tasks/list","target_type":"プロジェクトタスク一覧取得","target_id":"","summary":"プロジェクトタスク一覧を取得しました。","detail":{"version":"なし","change_note":"なし"}}
{"timestamp":"2026-01-28T13:16:02.079121+00:00","level":"INFO","actor":"local-user","action":"","target_type":"","target_id":"","summary":"","detail":{"version":"","change_note":""}}
{"timestamp":"2026-01-28T13:16:02.079400+00:00","level":"INFO","actor":"local-user","action":"/get /v2/projects/{project_id}/tasks/{project_task_id}/checklist","target_type":"プロジェクトタスクチェックリスト取得","target_id":"2","summary":"プロジェクトタスクのチェックリストを取得しました。","detail":{"version":"なし","change_note":"なし"}}
{"timestamp":"2026-01-28T13:16:03.367850+00:00","level":"WARNING","actor":"local-user","action":"/patch /v2/projects/{project_id}/tasks/{project_task_id}","target_type":"プロジェクトタスクステータス変更失敗","target_id":"2","summary":"プロジェクトタスクのステータスを未着手から完了に変更しようとしましたが、ガードされました。","detail":{"version":"なし","change_note":"なし"}}
{"timestamp":"2026-01-28T13:16:04.105736+00:00","level":"WARNING","actor":"local-user","action":"/patch /v2/projects/{project_id}/tasks/{project_task_id}","target_type":"プロジェクトタスクステータス変更失敗","target_id":"2","summary":"プロジェクトタスクのステータスを未着手から完了に変更しようとしましたが、ガードされました。","detail":{"version":"なし","change_note":"なし"}}
{"timestamp":"2026-01-28T13:16:04.336505+00:00","level":"WARNING","actor":"local-user","action":"/patch /v2/projects/{project_id}/tasks/{project_task_id}","target_type":"プロジェクトタスクステータス変更失敗","target_id":"2","summary":"プロジェクトタスクのステータスを未着手から完了に変更しようとしましたが、ガードされました。","detail":{"version":"なし","change_note":"なし"}}
{"timestamp":"2026-01-28T13:16:04.580649+00:00","level":"WARNING","actor":"local-user","action":"/patch /v2/projects/{project_id}/tasks/{project_task_id}","target_type":"プロジェクトタスクステータス変更失敗","target_id":"2","summary":"プロジェクトタスクのステータスを未着手から完了に変更しようとしましたが、ガードされました。","detail":{"version":"なし","change_note":"なし"}}
{"timestamp":"2026-01-28T13:16:04.762021+00:00","level":"WARNING","actor":"local-user","action":"/patch /v2/projects/{project_id}/tasks/{project_task_id}","target_type":"プロジェクトタスクステータス変更失敗","target_id":"2","summary":"プロジェクトタスクのステータスを未着手から完了に変更しようとしましたが、ガードされました。","detail":{"version":"なし","change_note":"なし"}}
{"timestamp":"2026-01-28T13:16:04.947025+00:00","level":"WARNING","actor":"local-user","action":"/patch /v2/projects/{project_id}/tasks/{project_task_id}","target_type":"プロジェクトタスクステータス変更失敗","target_id":"2","summary":"プロジェクトタスクのステータスを未着手から完了に変更しようとしましたが、ガードされました。","detail":{"version":"なし","change_note":"なし"}}
{"timestamp":"2026-01-28T13:16:05.160656+00:00","level":"WARNING","actor":"local-user","action":"/patch /v2/projects/{project_id}/tasks/{project_task_id}","target_type":"プロジェクトタスクステータス変更失敗","target_id":"2","summary":"プロジェクトタスクのステータスを未着手から完了に変更しようとしましたが、ガードされました。","detail":{"version":"なし","change_note":"なし"}}
{"timestamp":"2026-01-28T13:16:05.338451+00:00","level":"WARNING","actor":"local-user","action":"/patch /v2/projects/{project_id}/tasks/{project_task_id}","target_type":"プロジェクトタスクステータス変更失敗","target_id":"2","summary":"プロジェクトタスクのステータスを未着手から完了に変更しようとしましたが、ガードされました。","detail":{"version":"なし","change_note":"なし"}}
{"timestamp":"2026-01-28T13:16:05.509299+00:00","level":"WARNING","actor":"local-user","action":"/patch /v2/projects/{project_id}/tasks/{project_task_id}","target_type":"プロジェクトタスクステータス変更失敗","target_id":"2","summary":"プロジェクトタスクのステータスを未着手から完了に変更しようとしましたが、ガードされました。","detail":{"version":"なし","change_note":"なし"}}
{"timestamp":"2026-01-28T13:16:05.698383+00:00","level":"WARNING","actor":"local-user","action":"/patch /v2/projects/{project_id}/tasks/{project_task_id}","target_type":"プロジェクトタスクステータス変更失敗","target_id":"2","summary":"プロジェクトタスクのステータスを未着手から完了に変更しようとしましたが、ガードされました。","detail":{"version":"なし","change_note":"なし"}}
{"timestamp":"2026-01-28T13:16:05.876763+00:00","level":"WARNING","actor":"local-user","action":"/patch /v2/projects/{project_id}/tasks/{project_task_id}","target_type":"プロジェクトタスクステータス変更失敗","target_id":"2","summary":"プロジェクトタスクのステータスを未着手から完了に変更しようとしましたが、ガードされました。","detail":{"version":"なし","change_note":"なし"}}
{"timestamp":"2026-01-28T13:16:06.082083+00:00","level":"WARNING","actor":"local-user","action":"/patch /v2/projects/{project_id}/tasks/{project_task_id}","target_type":"プロジェクトタスクステータス変更失敗","target_id":"2","summary":"プロジェクトタスクのステータスを未着手から完了に変更しようとしましたが、ガードされました。","detail":{"version":"なし","change_note":"なし"}}
{"timestamp":"2026-01-28T13:16:06.271829+00:00","level":"WARNING","actor":"local-user","action":"/patch /v2/projects/{project_id}/tasks/{project_task_id}","target_type":"プロジェクトタスクステータス変更失敗","target_id":"2","summary":"プロジェクトタスクのステータスを未着手から完了に変更しようとしましたが、ガードされました。","detail":{"version":"なし","change_note":"なし"}}
{"timestamp":"2026-01-28T13:16:06.452012+00:00","level":"WARNING","actor":"local-user","action":"/patch /v2/projects/{project_id}/tasks/{project_task_id}","target_type":"プロジェクトタスクステータス変更失敗","target_id":"2","summary":"プロジェクトタスクのステータスを未着手から完了に変更しようとしましたが、ガードされました。","detail":{"version":"なし","change_note":"なし"}}
{"timestamp":"2026-01-28T13:16:06.633746+00:00","level":"WARNING","actor":"local-user","action":"/patch /v2/projects/{project_id}/tasks/{project_task_id}","target_type":"プロジェクトタスクステータス変更失敗","target_id":"2","summary":"プロジェクトタスクのステータスを未着手から完了に変更しようとしましたが、ガードされました。","detail":{"version":"なし","change_note":"なし"}}
{"timestamp":"2026-01-28T13:16:06.810580+00:00","level":"WARNING","actor":"local-user","action":"/patch /v2/projects/{project_id}/tasks/{project_task_id}","target_type":"プロジェクトタスクステータス変更失敗","target_id":"2","summary":"プロジェクトタスクのステータスを未着手から完了に変更しようとしましたが、ガードされました。","detail":{"version":"なし","change_note":"なし"}}
{"timestamp":"2026-01-28T13:16:08.251844+00:00","level":"INFO","actor":"local-user","action":"/get /v2/projects/{project_id}","target_type":"プロジェクト取得","target_id":"","summary":"プロジェクト1を取得しました。","detail":{"version":"なし","change_note":"なし"}}
{"timestamp":"2026-01-28T13:16:08.260025+00:00","level":"INFO","actor":"local-user","action":"/get /v2/projects/{project_id}/tasks/list","target_type":"プロジェクトタスク一覧取得","target_id":"","summary":"プロジェクトタスク一覧を取得しました。","detail":{"version":"なし","change_note":"なし"}}
{"timestamp":"2026-01-28T13:26:00.729997+00:00","level":"INFO","actor":"local-user","action":"","target_type":"","target_id":"","summary":"","detail":{"version":"","change_note":""}}
{"timestamp":"2026-01-28T13:26:34.004999+00:00","level":"INFO","actor":"local-user","action":"","target_type":"","target_id":"","summary":"","detail":{"version":"","change_note":""}}
{"timestamp":"2026-01-28T13:26:34.016580+00:00","level":"INFO","actor":"local-user","action":"","target_type":"","target_id":"","summary":"","detail":{"version":"","change_note":""}}
{"timestamp":"2026-01-28T13:26:35.164644+00:00","level":"INFO","actor":"local-user","action":"プロジェクト一覧取得","target_type":"/get /v2/projects","target_id":"","summary":"プロジェクト一覧を取得しました。","detail":{"version":"なし","change_note":"なし"}}
{"timestamp":"2026-01-28T13:26:35.165035+00:00","level":"INFO","actor":"local-user","action":"プロジェクト一覧取得","target_type":"/get /v2/projects","target_id":"","summary":"プロジェクト一覧を取得しました。","detail":{"version":"なし","change_note":"なし"}}
{"timestamp":"2026-01-31T04:25:30.376385+00:00","level":"INFO","actor":"local-user","action":"プロジェクト一覧取得","target_type":"/get /v2/projects","target_id":"","summary":"プロジェクト一覧を取得しました。","detail":{"version":"なし","change_note":"なし"}}
{"timestamp":"2026-01-31T04:25:30.395586+00:00","level":"INFO","actor":"local-user","action":"/get /v2/dashboard/workload","target_type":"ダッシュボードワークロード取得成功","target_id":"","summary":"ダッシュボードワークロードを取得しました。","detail":{"version":"なし","change_note":"なし"}}
{"timestamp":"2026-01-31T04:31:32.251907+00:00","level":"INFO","actor":"local-user","action":"プロジェクト一覧取得","target_type":"/get /v2/projects","target_id":"","summary":"プロジェクト一覧を取得しました。","detail":{"version":"なし","change_note":"なし"}}
{"timestamp":"2026-01-31T04:31:32.254453+00:00","level":"INFO","actor":"local-user","action":"プロジェクト一覧取得","target_type":"/get /v2/projects","target_id":"","summary":"プロジェクト一覧を取得しました。","detail":{"version":"なし","change_note":"なし"}}
{"timestamp":"2026-01-31T04:31:46.357216+00:00","level":"INFO","actor":"local-user","action":"/post /v2/projects","target_type":"プロジェクト作成","target_id":"1","summary":"プロジェクトを作成しました。","detail":{"version":"なし","change_note":"なし"}}
{"timestamp":"2026-01-31T04:31:46.367045+00:00","level":"INFO","actor":"local-user","action":"プロジェクト一覧取得","target_type":"/get /v2/projects","target_id":"","summary":"プロジェクト一覧を取得しました。","detail":{"version":"なし","change_note":"なし"}}
{"timestamp":"2026-01-31T04:31:46.377554+00:00","level":"INFO","actor":"local-user","action":"/get /v2/dashboard/workload","target_type":"ダッシュボードワークロード取得成功","target_id":"","summary":"ダッシュボードワークロードを取得しました。","detail":{"version":"なし","change_note":"なし"}}
{"timestamp":"2026-01-31T04:31:49.945481+00:00","level":"INFO","actor":"local-user","action":"/get /v2/projects/{project_id}","target_type":"プロジェクト取得","target_id":"","summary":"プロジェクト1を取得しました。","detail":{"version":"なし","change_note":"なし"}}
{"timestamp":"2026-01-31T04:31:49.955569+00:00","level":"INFO","actor":"local-user","action":"/get /v2/projects/{project_id}/tasks/list","target_type":"プロジェクトタスク一覧取得","target_id":"","summary":"プロジェクトタスク一覧を取得しました。","detail":{"version":"なし","change_note":"なし"}}
{"timestamp":"2026-01-31T04:31:49.976019+00:00","level":"INFO","actor":"local-user","action":"/get /v2/projects/{project_id}","target_type":"プロジェクト取得","target_id":"","summary":"プロジェクト1を取得しました。","detail":{"version":"なし","change_note":"なし"}}
{"timestamp":"2026-01-31T04:31:49.977327+00:00","level":"INFO","actor":"local-user","action":"/get /v2/projects/{project_id}/tasks/list","target_type":"プロジェクトタスク一覧取得","target_id":"","summary":"プロジェクトタスク一覧を取得しました。","detail":{"version":"なし","change_note":"なし"}}
{"timestamp":"2026-01-31T04:31:53.618228+00:00","level":"INFO","actor":"local-user","action":"/patch /v2/projects/{project_id}/tasks/{project_task_id}","target_type":"プロジェクトタスクステータス変更","target_id":"1","summary":"プロジェクトタスクのステータスを変更しました。","detail":{"version":"なし","change_note":"未着手 -> 進行中"}}
{"timestamp":"2026-01-31T04:31:53.638060+00:00","level":"INFO","actor":"local-user","action":"/get /v2/projects/{project_id}","target_type":"プロジェクト取得","target_id":"","summary":"プロジェクト1を取得しました。","detail":{"version":"なし","change_note":"なし"}}
{"timestamp":"2026-01-31T04:31:53.638376+00:00","level":"INFO","actor":"local-user","action":"/get /v2/projects/{project_id}/tasks/list","target_type":"プロジェクトタスク一覧取得","target_id":"","summary":"プロジェクトタスク一覧を取得しました。","detail":{"version":"なし","change_note":"なし"}}
{"timestamp":"2026-01-31T04:31:53.652505+00:00","level":"INFO","actor":"local-user","action":"/get /v2/dashboard/workload","target_type":"ダッシュボードワークロード取得成功","target_id":"","summary":"ダッシュボードワークロードを取得しました。","detail":{"version":"なし","change_note":"なし"}}
{"timestamp":"2026-01-31T04:31:54.209922+00:00","level":"INFO","actor":"local-user","action":"/get /v2/projects/{project_id}/tasks/{project_task_id}/checklist","target_type":"プロジェクトタスクチェックリスト取得","target_id":"1","summary":"プロジェクトタスクのチェックリストを取得しました。","detail":{"version":"なし","change_note":"なし"}}
{"timestamp":"2026-01-31T04:31:54.212382+00:00","level":"WARNING","actor":"local-user","action":"/get /v2/projects/{project_id}/tasks/{project_task_id}/timer/status","target_type":"プロジェクトタスクタイマーステータス取得失敗","target_id":"1","summary":"プロジェクトタスクのタイマーが実行中ではありません。","detail":{"version":"なし","change_note":"なし"}}
{"timestamp":"2026-01-31T04:31:55.490272+00:00","level":"INFO","actor":"local-user","action":"/post /v2/projects/{project_id}/tasks/{project_task_id}/timer/start","target_type":"プロジェクトタスクタイマースタート","target_id":"1","summary":"プロジェクトタスクのタイマーを開始しました。","detail":{"version":"なし","change_note":"なし"}}
{"timestamp":"2026-01-31T04:32:01.247274+00:00","level":"INFO","actor":"local-user","action":"プロジェクト一覧取得","target_type":"/get /v2/projects","target_id":"","summary":"プロジェクト一覧を取得しました。","detail":{"version":"なし","change_note":"なし"}}
{"timestamp":"2026-01-31T04:32:01.247751+00:00","level":"INFO","actor":"local-user","action":"プロジェクト一覧取得","target_type":"/get /v2/projects","target_id":"","summary":"プロジェクト一覧を取得しました。","detail":{"version":"なし","change_note":"なし"}}
{"timestamp":"2026-01-31T04:32:03.656158+00:00","level":"INFO","actor":"local-user","action":"/get /v2/projects/{project_id}","target_type":"プロジェクト取得","target_id":"","summary":"プロジェクト1を取得しました。","detail":{"version":"なし","change_note":"なし"}}
{"timestamp":"2026-01-31T04:32:03.658828+00:00","level":"INFO","actor":"local-user","action":"/get /v2/projects/{project_id}/tasks/list","target_type":"プロジェクトタスク一覧取得","target_id":"","summary":"プロジェクトタスク一覧を取得しました。","detail":{"version":"なし","change_note":"なし"}}
{"timestamp":"2026-01-31T04:32:03.667768+00:00","level":"INFO","actor":"local-user","action":"/get /v2/projects/{project_id}","target_type":"プロジェクト取得","target_id":"","summary":"プロジェクト1を取得しました。","detail":{"version":"なし","change_note":"なし"}}
{"timestamp":"2026-01-31T04:32:03.668571+00:00","level":"INFO","actor":"local-user","action":"/get /v2/projects/{project_id}/tasks/list","target_type":"プロジェクトタスク一覧取得","target_id":"","summary":"プロジェクトタスク一覧を取得しました。","detail":{"version":"なし","change_note":"なし"}}
{"timestamp":"2026-01-31T04:32:09.824762+00:00","level":"INFO","actor":"local-user","action":"/get /v2/projects/{project_id}/tasks/{project_task_id}/timer/status","target_type":"プロジェクトタスクタイマーステータス取得成功","target_id":"1","summary":"プロジェクトタスクのタイマー状態を取得しました。","detail":{"version":"なし","change_note":"なし"}}
{"timestamp":"2026-01-31T04:32:09.826347+00:00","level":"INFO","actor":"local-user","action":"/get /v2/projects/{project_id}/tasks/{project_task_id}/checklist","target_type":"プロジェクトタスクチェックリスト取得","target_id":"1","summary":"プロジェクトタスクのチェックリストを取得しました。","detail":{"version":"なし","change_note":"なし"}}
{"timestamp":"2026-01-31T04:32:13.349094+00:00","level":"INFO","actor":"local-user","action":"/get /v2/projects/{project_id}/tasks/{project_task_id}/timer/status","target_type":"プロジェクトタスクタイマーステータス取得成功","target_id":"1","summary":"プロジェクトタスクのタイマー状態を取得しました。","detail":{"version":"なし","change_note":"なし"}}
{"timestamp":"2026-01-31T04:32:13.349408+00:00","level":"INFO","actor":"local-user","action":"/get /v2/projects/{project_id}/tasks/{project_task_id}/checklist","target_type":"プロジェクトタスクチェックリスト取得","target_id":"1","summary":"プロジェクトタスクのチェックリストを取得しました。","detail":{"version":"なし","change_note":"なし"}}
{"timestamp":"2026-01-31T04:32:16.999610+00:00","level":"WARNING","actor":"local-user","action":"/get /v2/projects/{project_id}/tasks/{project_task_id}/timer/status","target_type":"プロジェクトタスクタイマーステータス取得失敗","target_id":"2","summary":"プロジェクトタスクのタイマーが実行中ではありません。","detail":{"version":"なし","change_note":"なし"}}
{"timestamp":"2026-01-31T04:32:16.999991+00:00","level":"INFO","actor":"local-user","action":"/get /v2/projects/{project_id}/tasks/{project_task_id}/checklist","target_type":"プロジェクトタスクチェックリスト取得","target_id":"2","summary":"プロジェクトタスクのチェックリストを取得しました。","detail":{"version":"なし","change_note":"なし"}}
{"timestamp":"2026-01-31T04:32:19.731021+00:00","level":"WARNING","actor":"local-user","action":"/get /v2/projects/{project_id}/tasks/{project_task_id}/timer/status","target_type":"プロジェクトタスクタイマーステータス取得失敗","target_id":"3","summary":"プロジェクトタスクのタイマーが実行中ではありません。","detail":{"version":"なし","change_note":"なし"}}
{"timestamp":"2026-01-31T04:32:19.731323+00:00","level":"INFO","actor":"local-user","action":"/get /v2/projects/{project_id}/tasks/{project_task_id}/checklist","target_type":"プロジェクトタスクチェックリスト取得","target_id":"3","summary":"プロジェクトタスクのチェックリストを取得しました。","detail":{"version":"なし","change_note":"なし"}}
{"timestamp":"2026-01-31T04:32:21.627366+00:00","level":"INFO","actor":"local-user","action":"/get /v2/projects/{project_id}/tasks/{project_task_id}/timer/status","target_type":"プロジェクトタスクタイマーステータス取得成功","target_id":"1","summary":"プロジェクトタスクのタイマー状態を取得しました。","detail":{"version":"なし","change_note":"なし"}}
{"timestamp":"2026-01-31T04:32:21.627882+00:00","level":"INFO","actor":"local-user","action":"/get /v2/projects/{project_id}/tasks/{project_task_id}/checklist","target_type":"プロジェクトタスクチェックリスト取得","target_id":"1","summary":"プロジェクトタスクのチェックリストを取得しました。","detail":{"version":"なし","change_note":"なし"}}
{"timestamp":"2026-01-31T04:32:23.221694+00:00","level":"INFO","actor":"local-user","action":"/patch /v2/projects/{project_id}/tasks/{project_task_id}","target_type":"プロジェクトタスクステータス変更","target_id":"1","summary":"プロジェクトタスクのステータスを変更しました。","detail":{"version":"なし","change_note":"進行中 -> 完了"}}
{"timestamp":"2026-01-31T04:32:23.239202+00:00","level":"INFO","actor":"local-user","action":"/get /v2/projects/{project_id}","target_type":"プロジェクト取得","target_id":"","summary":"プロジェクト1を取得しました。","detail":{"version":"なし","change_note":"なし"}}
{"timestamp":"2026-01-31T04:32:23.239705+00:00","level":"INFO","actor":"local-user","action":"/get /v2/projects/{project_id}/tasks/list","target_type":"プロジェクトタスク一覧取得","target_id":"","summary":"プロジェクトタスク一覧を取得しました。","detail":{"version":"なし","change_note":"なし"}}
{"timestamp":"2026-01-31T04:32:25.078354+00:00","level":"INFO","actor":"local-user","action":"/get /v2/projects/{project_id}/tasks/{project_task_id}/timer/status","target_type":"プロジェクトタスクタイマーステータス取得成功","target_id":"1","summary":"プロジェクトタスクのタイマー状態を取得しました。","detail":{"version":"なし","change_note":"なし"}}
{"timestamp":"2026-01-31T04:32:25.079538+00:00","level":"INFO","actor":"local-user","action":"/get /v2/projects/{project_id}/tasks/{project_task_id}/checklist","target_type":"プロジェクトタスクチェックリスト取得","target_id":"1","summary":"プロジェクトタスクのチェックリストを取得しました。","detail":{"version":"なし","change_note":"なし"}}
{"timestamp":"2026-01-31T04:32:26.546145+00:00","level":"INFO","actor":"local-user","action":"/post /v2/projects/{project_id}/tasks/{project_task_id}/timer/stop","target_type":"プロジェクトタスクタイマーストップ","target_id":"1","summary":"プロジェクトタスクのタイマーを停止しました。","detail":{"version":"なし","change_note":"なし"}}
{"timestamp":"2026-01-31T04:32:26.555453+00:00","level":"INFO","actor":"local-user","action":"/get /v2/projects/{project_id}","target_type":"プロジェクト取得","target_id":"","summary":"プロジェクト1を取得しました。","detail":{"version":"なし","change_note":"なし"}}
{"timestamp":"2026-01-31T04:32:26.557265+00:00","level":"INFO","actor":"local-user","action":"/get /v2/projects/{project_id}/tasks/list","target_type":"プロジェクトタスク一覧取得","target_id":"","summary":"プロジェクトタスク一覧を取得しました。","detail":{"version":"なし","change_note":"なし"}}
{"timestamp":"2026-01-31T04:32:29.304702+00:00","level":"INFO","actor":"local-user","action":"プロジェクト一覧取得","target_type":"/get /v2/projects","target_id":"","summary":"プロジェクト一覧を取得しました。","detail":{"version":"なし","change_note":"なし"}}
{"timestamp":"2026-01-31T04:32:29.305425+00:00","level":"INFO","actor":"local-user","action":"プロジェクト一覧取得","target_type":"/get /v2/projects","target_id":"","summary":"プロジェクト一覧を取得しました。","detail":{"version":"なし","change_note":"なし"}}
{"timestamp":"2026-01-31T04:32:32.217830+00:00","level":"INFO","actor":"local-user","action":"/get /v2/dashboard/workload","target_type":"ダッシュボードワークロード取得成功","target_id":"","summary":"ダッシュボードワークロードを取得しました。","detail":{"version":"なし","change_note":"なし"}}
{"timestamp":"2026-01-31T04:32:32.218116+00:00","level":"INFO","actor":"local-user","action":"/get /v2/dashboard/workload","target_type":"ダッシュボードワークロード取得成功","target_id":"","summary":"ダッシュボードワークロードを取得しました。","detail":{"version":"なし","change_note":"なし"}}
{"timestamp":"2026-01-31T04:32:37.666124+00:00","level":"INFO","actor":"local-user","action":"プロジェクト一覧取得","target_type":"/get /v2/projects","target_id":"","summary":"プロジェクト一覧を取得しました。","detail":{"version":"なし","change_note":"なし"}}
{"timestamp":"2026-01-31T04:32:37.667673+00:00","level":"INFO","actor":"local-user","action":"プロジェクト一覧取得","target_type":"/get /v2/projects","target_id":"","summary":"プロジェクト一覧を取得しました。","detail":{"version":"なし","change_note":"なし"}}
{"timestamp":"2026-01-31T04:33:35.189976+00:00","level":"INFO","actor":"local-user","action":"/get /v2/dashboard/workload","target_type":"ダッシュボードワークロード取得成功","target_id":"","summary":"ダッシュボードワークロードを取得しました。","detail":{"version":"なし","change_note":"なし"}}
{"timestamp":"2026-01-31T04:33:35.190318+00:00","level":"INFO","actor":"local-user","action":"/get /v2/dashboard/workload","target_type":"ダッシュボードワークロード取得成功","target_id":"","summary":"ダッシュボードワークロードを取得しました。","detail":{"version":"なし","change_note":"なし"}}
{"timestamp":"2026-01-31T04:33:36.542486+00:00","level":"INFO","actor":"local-user","action":"プロジェクト一覧取得","target_type":"/get /v2/projects","target_id":"","summary":"プロジェクト一覧を取得しました。","detail":{"version":"なし","change_note":"なし"}}
{"timestamp":"2026-01-31T04:33:36.543009+00:00","level":"INFO","actor":"local-user","action":"プロジェクト一覧取得","target_type":"/get /v2/projects","target_id":"","summary":"プロジェクト一覧を取得しました。","detail":{"version":"なし","change_note":"なし"}}
{"timestamp":"2026-01-31T04:33:37.695628+00:00","level":"INFO","actor":"local-user","action":"/get /v2/projects/{project_id}","target_type":"プロジェクト取得","target_id":"","summary":"プロジェクト1を取得しました。","detail":{"version":"なし","change_note":"なし"}}
{"timestamp":"2026-01-31T04:33:37.696648+00:00","level":"INFO","actor":"local-user","action":"/get /v2/projects/{project_id}/tasks/list","target_type":"プロジェクトタスク一覧取得","target_id":"","summary":"プロジェクトタスク一覧を取得しました。","detail":{"version":"なし","change_note":"なし"}}
{"timestamp":"2026-01-31T04:33:37.702032+00:00","level":"INFO","actor":"local-user","action":"/get /v2/projects/{project_id}","target_type":"プロジェクト取得","target_id":"","summary":"プロジェクト1を取得しました。","detail":{"version":"なし","change_note":"なし"}}
{"timestamp":"2026-01-31T04:33:37.704901+00:00","level":"INFO","actor":"local-user","action":"/get /v2/projects/{project_id}/tasks/list","target_type":"プロジェクトタスク一覧取得","target_id":"","summary":"プロジェクトタスク一覧を取得しました。","detail":{"version":"なし","change_note":"なし"}}
{"timestamp":"2026-01-31T04:33:41.837415+00:00","level":"INFO","actor":"local-user","action":"/patch /v2/projects/{project_id}/tasks/{project_task_id}","target_type":"プロジェクトタスクステータス変更","target_id":"2","summary":"プロジェクトタスクのステータスを変更しました。","detail":{"version":"なし","change_note":"未着手 -> 進行中"}}
{"timestamp":"2026-01-31T04:33:41.853982+00:00","level":"INFO","actor":"local-user","action":"/get /v2/projects/{project_id}","target_type":"プロジェクト取得","target_id":"","summary":"プロジェクト1を取得しました。","detail":{"version":"なし","change_note":"なし"}}
{"timestamp":"2026-01-31T04:33:41.856516+00:00","level":"INFO","actor":"local-user","action":"/get /v2/projects/{project_id}/tasks/list","target_type":"プロジェクトタスク一覧取得","target_id":"","summary":"プロジェクトタスク一覧を取得しました。","detail":{"version":"なし","change_note":"なし"}}
{"timestamp":"2026-01-31T04:33:41.872229+00:00","level":"INFO","actor":"local-user","action":"/get /v2/dashboard/workload","target_type":"ダッシュボードワークロード取得成功","target_id":"","summary":"ダッシュボードワークロードを取得しました。","detail":{"version":"なし","change_note":"なし"}}
{"timestamp":"2026-01-31T04:33:43.231458+00:00","level":"INFO","actor":"local-user","action":"プロジェクト一覧取得","target_type":"/get /v2/projects","target_id":"","summary":"プロジェクト一覧を取得しました。","detail":{"version":"なし","change_note":"なし"}}
{"timestamp":"2026-01-31T04:33:43.233633+00:00","level":"INFO","actor":"local-user","action":"プロジェクト一覧取得","target_type":"/get /v2/projects","target_id":"","summary":"プロジェクト一覧を取得しました。","detail":{"version":"なし","change_note":"なし"}}
{"timestamp":"2026-01-31T04:33:44.336096+00:00","level":"INFO","actor":"local-user","action":"/get /v2/projects/{project_id}","target_type":"プロジェクト取得","target_id":"","summary":"プロジェクト1を取得しました。","detail":{"version":"なし","change_note":"なし"}}
{"timestamp":"2026-01-31T04:33:44.337041+00:00","level":"INFO","actor":"local-user","action":"/get /v2/projects/{project_id}/tasks/list","target_type":"プロジェクトタスク一覧取得","target_id":"","summary":"プロジェクトタスク一覧を取得しました。","detail":{"version":"なし","change_note":"なし"}}
{"timestamp":"2026-01-31T04:33:44.343250+00:00","level":"INFO","actor":"local-user","action":"/get /v2/projects/{project_id}","target_type":"プロジェクト取得","target_id":"","summary":"プロジェクト1を取得しました。","detail":{"version":"なし","change_note":"なし"}}
{"timestamp":"2026-01-31T04:33:44.345145+00:00","level":"INFO","actor":"local-user","action":"/get /v2/projects/{project_id}/tasks/list","target_type":"プロジェクトタスク一覧取得","target_id":"","summary":"プロジェクトタスク一覧を取得しました。","detail":{"version":"なし","change_note":"なし"}}
{"timestamp":"2026-01-31T04:33:45.737610+00:00","level":"INFO","actor":"local-user","action":"/patch /v2/projects/{project_id}/tasks/{project_task_id}","target_type":"プロジェクトタスクステータス変更","target_id":"2","summary":"プロジェクトタスクのステータスを変更しました。","detail":{"version":"なし","change_note":"進行中 -> 完了"}}
{"timestamp":"2026-01-31T04:33:45.754388+00:00","level":"INFO","actor":"local-user","action":"/get /v2/projects/{project_id}","target_type":"プロジェクト取得","target_id":"","summary":"プロジェクト1を取得しました。","detail":{"version":"なし","change_note":"なし"}}
{"timestamp":"2026-01-31T04:33:45.756009+00:00","level":"INFO","actor":"local-user","action":"/get /v2/projects/{project_id}/tasks/list","target_type":"プロジェクトタスク一覧取得","target_id":"","summary":"プロジェクトタスク一覧を取得しました。","detail":{"version":"なし","change_note":"なし"}}
{"timestamp":"2026-01-31T04:33:45.772168+00:00","level":"INFO","actor":"local-user","action":"/get /v2/dashboard/workload","target_type":"ダッシュボードワークロード取得成功","target_id":"","summary":"ダッシュボードワークロードを取得しました。","detail":{"version":"なし","change_note":"なし"}}
{"timestamp":"2026-01-31T04:33:46.673541+00:00","level":"INFO","actor":"local-user","action":"プロジェクト一覧取得","target_type":"/get /v2/projects","target_id":"","summary":"プロジェクト一覧を取得しました。","detail":{"version":"なし","change_note":"なし"}}
{"timestamp":"2026-01-31T04:33:46.674013+00:00","level":"INFO","actor":"local-user","action":"プロジェクト一覧取得","target_type":"/get /v2/projects","target_id":"","summary":"プロジェクト一覧を取得しました。","detail":{"version":"なし","change_note":"なし"}}
{"timestamp":"2026-01-31T04:33:47.775839+00:00","level":"INFO","actor":"local-user","action":"/get /v2/projects/{project_id}/tasks/list","target_type":"プロジェクトタスク一覧取得","target_id":"","summary":"プロジェクトタスク一覧を取得しました。","detail":{"version":"なし","change_note":"なし"}}
{"timestamp":"2026-01-31T04:33:47.776699+00:00","level":"INFO","actor":"local-user","action":"/get /v2/projects/{project_id}","target_type":"プロジェクト取得","target_id":"","summary":"プロジェクト1を取得しました。","detail":{"version":"なし","change_note":"なし"}}
{"timestamp":"2026-01-31T04:33:47.777379+00:00","level":"INFO","actor":"local-user","action":"/get /v2/projects/{project_id}","target_type":"プロジェクト取得","target_id":"","summary":"プロジェクト1を取得しました。","detail":{"version":"なし","change_note":"なし"}}
{"timestamp":"2026-01-31T04:33:47.779382+00:00","level":"INFO","actor":"local-user","action":"/get /v2/projects/{project_id}/tasks/list","target_type":"プロジェクトタスク一覧取得","target_id":"","summary":"プロジェクトタスク一覧を取得しました。","detail":{"version":"なし","change_note":"なし"}}
{"timestamp":"2026-01-31T04:33:48.536108+00:00","level":"INFO","actor":"local-user","action":"/patch /v2/projects/{project_id}/tasks/{project_task_id}","target_type":"プロジェクトタスクステータス変更","target_id":"3","summary":"プロジェクトタスクのステータスを変更しました。","detail":{"version":"なし","change_note":"未着手 -> 進行中"}}
{"timestamp":"2026-01-31T04:33:48.557737+00:00","level":"INFO","actor":"local-user","action":"/get /v2/projects/{project_id}","target_type":"プロジェクト取得","target_id":"","summary":"プロジェクト1を取得しました。","detail":{"version":"なし","change_note":"なし"}}
{"timestamp":"2026-01-31T04:33:48.559470+00:00","level":"INFO","actor":"local-user","action":"/get /v2/projects/{project_id}/tasks/list","target_type":"プロジェクトタスク一覧取得","target_id":"","summary":"プロジェクトタスク一覧を取得しました。","detail":{"version":"なし","change_note":"なし"}}
{"timestamp":"2026-01-31T04:33:48.578356+00:00","level":"INFO","actor":"local-user","action":"/get /v2/dashboard/workload","target_type":"ダッシュボードワークロード取得成功","target_id":"","summary":"ダッシュボードワークロードを取得しました。","detail":{"version":"なし","change_note":"なし"}}
{"timestamp":"2026-01-31T04:33:49.359769+00:00","level":"INFO","actor":"local-user","action":"プロジェクト一覧取得","target_type":"/get /v2/projects","target_id":"","summary":"プロジェクト一覧を取得しました。","detail":{"version":"なし","change_note":"なし"}}
{"timestamp":"2026-01-31T04:33:49.360042+00:00","level":"INFO","actor":"local-user","action":"プロジェクト一覧取得","target_type":"/get /v2/projects","target_id":"","summary":"プロジェクト一覧を取得しました。","detail":{"version":"なし","change_note":"なし"}}
{"timestamp":"2026-01-31T04:33:55.969623+00:00","level":"INFO","actor":"local-user","action":"/get /v2/projects/{project_id}","target_type":"プロジェクト取得","target_id":"","summary":"プロジェクト1を取得しました。","detail":{"version":"なし","change_note":"なし"}}
{"timestamp":"2026-01-31T04:33:55.976318+00:00","level":"INFO","actor":"local-user","action":"/get /v2/projects/{project_id}/tasks/list","target_type":"プロジェクトタスク一覧取得","target_id":"","summary":"プロジェクトタスク一覧を取得しました。","detail":{"version":"なし","change_note":"なし"}}
{"timestamp":"2026-01-31T04:33:55.976794+00:00","level":"INFO","actor":"local-user","action":"/get /v2/projects/{project_id}","target_type":"プロジェクト取得","target_id":"","summary":"プロジェクト1を取得しました。","detail":{"version":"なし","change_note":"なし"}}
{"timestamp":"2026-01-31T04:33:55.983404+00:00","level":"INFO","actor":"local-user","action":"/get /v2/projects/{project_id}/tasks/list","target_type":"プロジェクトタスク一覧取得","target_id":"","summary":"プロジェクトタスク一覧を取得しました。","detail":{"version":"なし","change_note":"なし"}}
{"timestamp":"2026-01-31T04:33:57.337082+00:00","level":"INFO","actor":"local-user","action":"/patch /v2/projects/{project_id}/tasks/{project_task_id}","target_type":"プロジェクトタスクステータス変更","target_id":"3","summary":"プロジェクトタスクのステータスを変更しました。","detail":{"version":"なし","change_note":"進行中 -> 完了"}}
{"timestamp":"2026-01-31T04:33:57.352588+00:00","level":"INFO","actor":"local-user","action":"/get /v2/projects/{project_id}","target_type":"プロジェクト取得","target_id":"","summary":"プロジェクト1を取得しました。","detail":{"version":"なし","change_note":"なし"}}
{"timestamp":"2026-01-31T04:33:57.352888+00:00","level":"INFO","actor":"local-user","action":"/get /v2/projects/{project_id}/tasks/list","target_type":"プロジェクトタスク一覧取得","target_id":"","summary":"プロジェクトタスク一覧を取得しました。","detail":{"version":"なし","change_note":"なし"}}
{"timestamp":"2026-01-31T04:33:57.368544+00:00","level":"INFO","actor":"local-user","action":"/get /v2/dashboard/workload","target_type":"ダッシュボードワークロード取得成功","target_id":"","summary":"ダッシュボードワークロードを取得しました。","detail":{"version":"なし","change_note":"なし"}}
{"timestamp":"2026-01-31T04:33:58.258409+00:00","level":"INFO","actor":"local-user","action":"プロジェクト一覧取得","target_type":"/get /v2/projects","target_id":"","summary":"プロジェクト一覧を取得しました。","detail":{"version":"なし","change_note":"なし"}}
{"timestamp":"2026-01-31T04:33:58.258897+00:00","level":"INFO","actor":"local-user","action":"プロジェクト一覧取得","target_type":"/get /v2/projects","target_id":"","summary":"プロジェクト一覧を取得しました。","detail":{"version":"なし","change_note":"なし"}}
